status: completed exit_code: 0
R3_LEAD_CLEANUP_VERIFIED
    Finished `test` profile [unoptimized + debuginfo] target(s) in 0.23s
     Running unittests src/lib.rs (clients/rust/target/debug/deps/erd_app-69c02d64751524b9)

running 2 tests
test session::cancellation_tests::udp_cancel_wakes_registered_receive ... ok
test session::cancellation_tests::client_session_udp_receive_reuses_buffer_across_cancellations ... ok

test result: ok. 2 passed; 0 failed; 0 ignored; 0 measured; 123 filtered out; finished in 0.01s

     Running unittests src/bin/erd_client.rs (clients/rust/target/debug/deps/erd_client-5fc8e45c292a244f)

running 0 tests

test result: ok. 0 passed; 0 failed; 0 ignored; 0 measured; 16 filtered out; finished in 0.00s

     Running tests/agent_control_e2e.rs (clients/rust/target/debug/deps/agent_control_e2e-93b84ab6fa3e8e12)

running 0 tests

test result: ok. 0 passed; 0 failed; 0 ignored; 0 measured; 3 filtered out; finished in 0.00s


running 0 tests

test result: ok. 0 passed; 0 failed; 0 ignored; 0 measured; 5 filtered out; finished in 0.00s


running 0 tests

test result: ok. 0 passed; 0 failed; 0 ignored; 0 measured; 3 filtered out; finished in 0.00s


running 0 tests
     Running tests/cli_mcp_contract.rs (clients/rust/target/debug/deps/cli_mcp_contract-47f721f09816202a)
     Running tests/cli_receiver_telemetry.rs (clients/rust/target/debug/deps/cli_receiver_telemetry-803fbfd9463accd8)
     Running tests/client_copy_cost.rs (clients/rust/target/debug/deps/client_copy_cost-20efa0e7273088b9)

test result: ok. 0 passed; 0 failed; 0 ignored; 0 measured; 3 filtered out; finished in 0.00s


running 0 tests

test result: ok. 0 passed; 0 failed; 0 ignored; 0 measured; 6 filtered out; finished in 0.00s


running 0 tests

test result: ok. 0 passed; 0 failed; 0 ignored; 0 measured; 8 filtered out; finished in 0.00s


running 2 tests
test mixed_udp_kinds_share_packet_inference_but_tcp_stats_and_invalid_auth_do_not ... ok
test authenticated_tls_udp_ingress_records_stats_and_assembly_without_changing_ping ... ok

test result: ok. 2 passed; 0 failed; 0 ignored; 0 measured; 3 filtered out; finished in 0.01s

     Running tests/core_semantics.rs (clients/rust/target/debug/deps/core_semantics-0dbca497f219176f)
     Running tests/media_reassembly.rs (clients/rust/target/debug/deps/media_reassembly-73dc39a482a95db0)
     Running tests/receiver_telemetry.rs (clients/rust/target/debug/deps/receiver_telemetry-7b882ef4b400aa50)
     Running tests/session_mock.rs (clients/rust/target/debug/deps/session_mock-407d2d580ca3ca52)

running 2 tests
test udp_client_rejects_host_missing_authenticated_registration_capability ... ok
test udp_client_sends_authenticated_registration_and_preserves_nonce ... ok

test result: ok. 2 passed; 0 failed; 0 ignored; 0 measured; 7 filtered out; finished in 0.01s

     Running unittests src/lib.rs (clients/rust/target/debug/deps/erd_host-835efa225caa25a5)

running 4 tests
test session::tests::test_udp_registration_rejects_prior_session_datagram ... ok
test session::tests::test_udp_discover_peer_rejects_invalid_packets_and_fixes_endpoint ... ok
test session::tests::test_udp_host_rejects_client_missing_authenticated_registration_capability ... ok
test session::tests::disconnect_before_udp_unblocks_full_media_queue ... ok

test result: ok. 4 passed; 0 failed; 0 ignored; 0 measured; 90 filtered out; finished in 0.21s

     Running unittests src/bin/captest.rs (clients/rust/target/debug/deps/captest-ad70a6135ee31c68)

running 0 tests

test result: ok. 0 passed; 0 failed; 0 ignored; 0 measured; 0 filtered out; finished in 0.00s

     Running unittests src/main.rs (clients/rust/target/debug/deps/erd_host-49e839d9857884ff)

running 0 tests

test result: ok. 0 passed; 0 failed; 0 ignored; 0 measured; 5 filtered out; finished in 0.00s

     Running tests/linux_audio_selection.rs (clients/rust/target/debug/deps/linux_audio_selection-928f6e4256e60948)

running 0 tests

test result: ok. 0 passed; 0 failed; 0 ignored; 0 measured; 6 filtered out; finished in 0.00s

     Running tests/pairing_isolation.rs (clients/rust/target/debug/deps/pairing_isolation-09d8e662825c3aa2)

running 0 tests

test result: ok. 0 passed; 0 failed; 0 ignored; 0 measured; 2 filtered out; finished in 0.00s

    Finished `test` profile [unoptimized + debuginfo] target(s) in 0.08s
     Running unittests src/lib.rs (clients/rust/target/debug/deps/erd_proto-5f387c95064025f6)

running 0 tests

test result: ok. 0 passed; 0 failed; 0 ignored; 0 measured; 6 filtered out; finished in 0.00s

     Running tests/framing_burst.rs (clients/rust/target/debug/deps/framing_burst-caf19ae2ff26cdaf)

running 0 tests

test result: ok. 0 passed; 0 failed; 0 ignored; 0 measured; 3 filtered out; finished in 0.00s

     Running tests/protocol_v3.rs (clients/rust/target/debug/deps/protocol_v3-9cfa77a31a2110f6)

running 0 tests

test result: ok. 0 passed; 0 failed; 0 ignored; 0 measured; 48 filtered out; finished in 0.00s

     Running tests/timestamp_stats.rs (clients/rust/target/debug/deps/timestamp_stats-2cecef519598e988)

running 0 tests

test result: ok. 0 passed; 0 failed; 0 ignored; 0 measured; 5 filtered out; finished in 0.00s

    Finished `test` profile [unoptimized + debuginfo] target(s) in 0.11s
     Running unittests src/lib.rs (clients/rust/target/debug/deps/erd_net-432e7ef324e21db6)

running 22 tests
test udp_gcm::tests::media_decode_rejects_invalid_audio_header_before_copy ... ok
test udp_gcm::tests::media_decode_rejects_oversized_audio_before_copy ... ok
test udp_gcm::tests::media_decode_rejects_oversized_video_before_copy ... ok
test udp_gcm::tests::hkdf_rfc5869_case_3 ... ok
test udp_gcm::tests::hkdf_rfc5869_case_1 ... ok
test udp_gcm::tests::direction_derivation_matches_v3_vectors ... ok
test udp_gcm::tests::exhausted_counter_preserves_output_and_never_wraps ... ok
test udp_gcm::tests::exact_wire_bytes_match_baseline ... ok
test udp_gcm::tests::direction_keys_are_incompatible ... ok
test udp_gcm::tests::aad_mismatch_rejected ... ok
test udp_gcm::tests::duplicate_datagram_rejected ... ok
test udp_gcm::tests::replay_accepts_reordered_window_edge_but_rejects_stale ... ok
test udp_gcm::tests::reusable_buffer_has_zero_allocations_and_preserves_prefix ... ok
test udp_gcm::tests::seal_datagram_uses_two_allocations ... ok
test udp_gcm::tests::complete_datagram_authenticates_header ... ok
test udp_gcm::tests::seal_uses_one_allocation ... ok
test udp_gcm::tests::tampered_datagram_rejected ... ok
test udp_gcm::tests::seal_open_round_trip ... ok
test udp_gcm::tests::both_directions_match_legacy_aead_for_multiple_counters ... ok
test udp_gcm::tests::replay_prunes_only_when_window_block_advances ... ok
test udp_gcm::tests::every_wire_byte_is_authenticated_without_poisoning_replay ... ok
test udp_gcm::tests::stale_datagram_outside_window_rejected ... ok

test result: ok. 22 passed; 0 failed; 0 ignored; 0 measured; 24 filtered out; finished in 0.03s

     Running unittests src/bin/erd_discover.rs (clients/rust/target/debug/deps/erd_discover-63c032c64ed6f050)

running 0 tests

test result: ok. 0 passed; 0 failed; 0 ignored; 0 measured; 0 filtered out; finished in 0.00s

     Running tests/discovery_metadata.rs (clients/rust/target/debug/deps/discovery_metadata-1c7355981dce07a4)

running 1 test
test parse_service_metadata_rejects_out_of_range_udp_port ... ok

test result: ok. 1 passed; 0 failed; 0 ignored; 0 measured; 17 filtered out; finished in 0.00s
