========================================================
  MahoRD VM Interop E2E Test
  Target: admin@192.168.64.197
========================================================
[1/4] Syncing Rust workspace to VM...
Warning: Permanently added '192.168.64.197' (ED25519) to the list of known hosts.
Transfer starting: 114 files
maho-decode/src/lib.rs
maho-host/src/capture_macos.rs
maho-host/src/session.rs

sent 7241 bytes  received 794 bytes  795544 bytes/sec
total size is 997677  speedup is 124.17
[2/4] Building maho-host and maho-client (debug) inside VM...
Warning: Permanently added '192.168.64.197' (ED25519) to the list of known hosts.
   Compiling maho-decode v0.1.0 (/Users/admin/maho/maho-decode)
   Compiling maho-host v0.1.0 (/Users/admin/maho/maho-host)
   Compiling maho-app v0.1.0 (/Users/admin/maho/maho-app)
    Finished `dev` profile [unoptimized + debuginfo] target(s) in 1.31s
[3/4] Running E2E pairing and frame decoding test in VM...
Warning: Permanently added '192.168.64.197' (ED25519) to the list of known hosts.
Starting maho-host on 127.0.0.1:19730...
Running maho-client with PIN=12345678, target_frames=15...
=== Interop Test Output ===
{"frames":15,"p50_us":3488,"p95_us":4300,"p99_us":6679,"max_us":6679}
[4/4] Validating assertion...
INTEROP_PASS
